(TranslationUnit
    (SymbolTable
        1
        {
            intrinsics_47:
                (Program
                    (SymbolTable
                        2
                        {
                            a:
                                (Variable
                                    2
                                    a
                                    []
                                    Local
                                    (ArrayConstant
                                        [(LogicalConstant
                                            .true.
                                            (Logical 4)
                                        )
                                        (LogicalConstant
                                            .true.
                                            (Logical 4)
                                        )
                                        (LogicalConstant
                                            .true.
                                            (Logical 4)
                                        )]
                                        (Array
                                            (Logical 4)
                                            [((IntegerConstant 1 (Integer 4))
                                            (IntegerConstant 3 (Integer 4)))]
                                            FixedSizeArray
                                        )
                                        ColMajor
                                    )
                                    (ArrayConstant
                                        [(LogicalConstant
                                            .true.
                                            (Logical 4)
                                        )
                                        (LogicalConstant
                                            .true.
                                            (Logical 4)
                                        )
                                        (LogicalConstant
                                            .true.
                                            (Logical 4)
                                        )]
                                        (Array
                                            (Logical 4)
                                            [((IntegerConstant 1 (Integer 4))
                                            (IntegerConstant 3 (Integer 4)))]
                                            FixedSizeArray
                                        )
                                        ColMajor
                                    )
                                    Save
                                    (Array
                                        (Logical 4)
                                        [((IntegerConstant 1 (Integer 4))
                                        (IntegerConstant 3 (Integer 4)))]
                                        FixedSizeArray
                                    )
                                    ()
                                    Source
                                    Public
                                    Required
                                    .false.
                                ),
                            l:
                                (Variable
                                    2
                                    l
                                    []
                                    Local
                                    (IntrinsicFunction
                                        All
                                        [(ArrayPhysicalCast
                                            (ArrayConstant
                                                [(LogicalConstant
                                                    .true.
                                                    (Logical 4)
                                                )
                                                (LogicalConstant
                                                    .true.
                                                    (Logical 4)
                                                )]
                                                (Array
                                                    (Logical 4)
                                                    [((IntegerConstant 1 (Integer 4))
                                                    (IntegerConstant 2 (Integer 4)))]
                                                    FixedSizeArray
                                                )
                                                ColMajor
                                            )
                                            FixedSizeArray
                                            DescriptorArray
                                            (Array
                                                (Logical 4)
                                                [((IntegerConstant 1 (Integer 4))
                                                (IntegerConstant 2 (Integer 4)))]
                                                DescriptorArray
                                            )
                                            ()
                                        )]
                                        0
                                        (Logical 4)
                                        (LogicalConstant
                                            .true.
                                            (Logical 4)
                                        )
                                    )
                                    (LogicalConstant
                                        .true.
                                        (Logical 4)
                                    )
                                    Save
                                    (Logical 4)
                                    ()
                                    Source
                                    Public
                                    Required
                                    .false.
                                )
                        })
                    intrinsics_47
                    []
                    [(=
                        (Var 2 l)
                        (IntrinsicFunction
                            All
                            [(ArrayPhysicalCast
                                (ArrayConstant
                                    [(LogicalConstant
                                        .true.
                                        (Logical 4)
                                    )
                                    (LogicalConstant
                                        .false.
                                        (Logical 4)
                                    )]
                                    (Array
                                        (Logical 4)
                                        [((IntegerConstant 1 (Integer 4))
                                        (IntegerConstant 2 (Integer 4)))]
                                        FixedSizeArray
                                    )
                                    ColMajor
                                )
                                FixedSizeArray
                                DescriptorArray
                                (Array
                                    (Logical 4)
                                    [((IntegerConstant 1 (Integer 4))
                                    (IntegerConstant 2 (Integer 4)))]
                                    DescriptorArray
                                )
                                ()
                            )]
                            0
                            (Logical 4)
                            (LogicalConstant
                                .false.
                                (Logical 4)
                            )
                        )
                        ()
                    )
                    (=
                        (Var 2 l)
                        (IntrinsicFunction
                            All
                            [(ArrayPhysicalCast
                                (ArrayConstant
                                    [(LogicalConstant
                                        .false.
                                        (Logical 4)
                                    )]
                                    (Array
                                        (Logical 4)
                                        [((IntegerConstant 1 (Integer 4))
                                        (IntegerConstant 1 (Integer 4)))]
                                        FixedSizeArray
                                    )
                                    ColMajor
                                )
                                FixedSizeArray
                                DescriptorArray
                                (Array
                                    (Logical 4)
                                    [((IntegerConstant 1 (Integer 4))
                                    (IntegerConstant 1 (Integer 4)))]
                                    DescriptorArray
                                )
                                ()
                            )]
                            0
                            (Logical 4)
                            (LogicalConstant
                                .false.
                                (Logical 4)
                            )
                        )
                        ()
                    )
                    (=
                        (Var 2 l)
                        (IntrinsicFunction
                            All
                            [(ArrayPhysicalCast
                                (ArrayConstant
                                    [(LogicalConstant
                                        .true.
                                        (Logical 4)
                                    )]
                                    (Array
                                        (Logical 4)
                                        [((IntegerConstant 1 (Integer 4))
                                        (IntegerConstant 1 (Integer 4)))]
                                        FixedSizeArray
                                    )
                                    ColMajor
                                )
                                FixedSizeArray
                                DescriptorArray
                                (Array
                                    (Logical 4)
                                    [((IntegerConstant 1 (Integer 4))
                                    (IntegerConstant 1 (Integer 4)))]
                                    DescriptorArray
                                )
                                ()
                            )]
                            0
                            (Logical 4)
                            (LogicalConstant
                                .true.
                                (Logical 4)
                            )
                        )
                        ()
                    )
                    (=
                        (Var 2 l)
                        (IntrinsicFunction
                            All
                            [(ArrayPhysicalCast
                                (Var 2 a)
                                FixedSizeArray
                                DescriptorArray
                                (Array
                                    (Logical 4)
                                    [((IntegerConstant 1 (Integer 4))
                                    (IntegerConstant 3 (Integer 4)))]
                                    DescriptorArray
                                )
                                ()
                            )]
                            0
                            (Logical 4)
                            ()
                        )
                        ()
                    )
                    (=
                        (Var 2 l)
                        (IntrinsicFunction
                            All
                            [(ArrayPhysicalCast
                                (ArrayConstant
                                    [(IntegerCompare
                                        (IntegerConstant 1 (Integer 4))
                                        Eq
                                        (IntegerConstant 2 (Integer 4))
                                        (Logical 4)
                                        (LogicalConstant
                                            .false.
                                            (Logical 4)
                                        )
                                    )
                                    (IntegerCompare
                                        (IntegerConstant 0 (Integer 4))
                                        Eq
                                        (IntegerConstant 0 (Integer 4))
                                        (Logical 4)
                                        (LogicalConstant
                                            .true.
                                            (Logical 4)
                                        )
                                    )]
                                    (Array
                                        (Logical 4)
                                        [((IntegerConstant 1 (Integer 4))
                                        (IntegerConstant 2 (Integer 4)))]
                                        FixedSizeArray
                                    )
                                    ColMajor
                                )
                                FixedSizeArray
                                DescriptorArray
                                (Array
                                    (Logical 4)
                                    [((IntegerConstant 1 (Integer 4))
                                    (IntegerConstant 2 (Integer 4)))]
                                    DescriptorArray
                                )
                                ()
                            )]
                            0
                            (Logical 4)
                            (LogicalConstant
                                .false.
                                (Logical 4)
                            )
                        )
                        ()
                    )
                    (If
                        (Var 2 l)
                        [(ErrorStop
                            ()
                        )]
                        []
                    )]
                )
        })
    []
)
